[backblue.gif]
[fade.gif]
[index.html]
[agiletemplate.herokuapp.com/index.html]
[pro.fontawesome.com/releases/v5.10.0/css/all.css]
[cdn.jsdelivr.net/npm/slick-carousel@1.8.1/slick/slick.css]
[agiletemplate.herokuapp.com/libs/jquery/dist/jquery.min.js]
[agiletemplate.herokuapp.com/libs/select2/dist/js/select2.min.js]
[agiletemplate.herokuapp.com/assets/js/plugins/select2.js]
[agiletemplate.herokuapp.com/assets/foundation/foundation-datepicker.js]
[agiletemplate.herokuapp.com/assets/js/bootstrap-select.js]
[agiletemplate.herokuapp.com/libs/popper.js/dist/umd/popper.min.js]
[agiletemplate.herokuapp.com/libs/bootstrap/dist/js/bootstrap.min.js]
[agiletemplate.herokuapp.com/libs/pace-progress/pace.min.js]
[code.jquery.com/ui/1.12.0/jquery-ui.js]
[agiletemplate.herokuapp.com/libs/pjax/pjax.js]
[agiletemplate.herokuapp.com/assets/js/ajax.js]
[agiletemplate.herokuapp.com/assets/js/lazyload.config.js]
[agiletemplate.herokuapp.com/assets/js/lazyload.js]
[agiletemplate.herokuapp.com/assets/js/plugin.js]
[agiletemplate.herokuapp.com/assets/js/autoNumeric-1.8.3.js]
[agiletemplate.herokuapp.com/assets/js/theme.js]
[agiletemplate.herokuapp.com/libs/dropzone/dist/min/dropzone.min.js]
[agiletemplate.herokuapp.com/libs/bootstrap-table/dist/bootstrap-table.min.js]
[agiletemplate.herokuapp.com/libs/bootstrap-table/dist/extensions/mobile/bootstrap-table-mobile.min.js]
[agiletemplate.herokuapp.com/libs/bootstrap-table/dist/extensions/export/bootstrap-table-export.min.js]
[agiletemplate.herokuapp.com/assets/js/plugins/tableExport.min.js]
[agiletemplate.herokuapp.com/assets/js/jquery.email.multiple.js]
[agiletemplate.herokuapp.com/assets/js/input-mask.js]
[agiletemplate.herokuapp.com/assets/js/common.js]
[cdnjs.cloudflare.com/ajax/libs/jquery-migrate/3.3.2/jquery-migrate.min.js]
[agiletemplate.herokuapp.com/login.html]
[agiletemplate.herokuapp.com/assets/css/bootstrap.css]
[agiletemplate.herokuapp.com/assets/line-awesome/fonts/la-brands-400.eot]
[agiletemplate.herokuapp.com/assets/line-awesome/fonts/la-brands-400.woff2]
[cdn.jsdelivr.net/npm/slick-carousel@1.8.1/slick/slick.min.js]
[agiletemplate.herokuapp.com/assets/line-awesome/fonts/la-brands-400.woff]
[agiletemplate.herokuapp.com/assets/line-awesome/fonts/la-brands-400d41d.eot]
[agiletemplate.herokuapp.com/assets/line-awesome/fonts/la-brands-400.ttf]
[agiletemplate.herokuapp.com/assets/line-awesome/fonts/la-regular-400.eot]
[agiletemplate.herokuapp.com/assets/line-awesome/fonts/la-regular-400.woff2]
[agiletemplate.herokuapp.com/assets/line-awesome/fonts/la-regular-400d41d.eot]
[agiletemplate.herokuapp.com/assets/line-awesome/fonts/la-regular-400.woff]
[agiletemplate.herokuapp.com/assets/line-awesome/fonts/la-regular-400.ttf]
[agiletemplate.herokuapp.com/assets/line-awesome/fonts/la-solid-900.eot]
[agiletemplate.herokuapp.com/assets/line-awesome/fonts/la-solid-900.woff2]
[agiletemplate.herokuapp.com/assets/line-awesome/fonts/la-solid-900.woff]
[agiletemplate.herokuapp.com/assets/line-awesome/fonts/la-solid-900d41d.eot]
[agiletemplate.herokuapp.com/assets/line-awesome/fonts/la-solid-900.ttf]
[agiletemplate.herokuapp.com/assets/line-awesome/css/line-awesome.min.css]
[agiletemplate.herokuapp.com/assets/css/i-con.css]
[agiletemplate.herokuapp.com/assets/css/theme.css]
[agiletemplate.herokuapp.com/assets/css/style.css]
[agiletemplate.herokuapp.com/assets/css/glyphicons-halflings-regular.ttf]
[agiletemplate.herokuapp.com/assets/css/font-style.css]
[agiletemplate.herokuapp.com/assets/css/bootstrap-select.css]
[agiletemplate.herokuapp.com/assets/flaticon2/font/Flaticon2.eot]
[agiletemplate.herokuapp.com/assets/flaticon2/font/Flaticon2.woff]
[agiletemplate.herokuapp.com/assets/flaticon2/font/Flaticon2d41d.eot]
[agiletemplate.herokuapp.com/assets/flaticon2/font/Flaticon2.ttf]
[agiletemplate.herokuapp.com/assets/flaticon2/flaticon.css]
[agiletemplate.herokuapp.com/libs/dropzone/dist/min/dropzone.min.css]
[agiletemplate.herokuapp.com/assets/css/custom.css]
[agiletemplate.herokuapp.com/assets/css/email.multiple.css]
[pro.fontawesome.com/releases/v5.10.0/webfonts/fa-brands-400.svg]
[pro.fontawesome.com/releases/v5.10.0/webfonts/fa-light-300.svg]
[pro.fontawesome.com/releases/v5.10.0/css/all.css]
[cdn.jsdelivr.net/npm/slick-carousel@1.8.1/slick/slick.css]
[pro.fontawesome.com/releases/v5.10.0/webfonts/fa-duotone-900.svg]
[fonts.googleapis.com/css5d2a.css]
[agiletemplate.herokuapp.com/assets/foundation/foundation-datepicker.min.css]
[agiletemplate.herokuapp.com/libs/select2/dist/css/select2.min.css]
[pro.fontawesome.com/releases/v5.10.0/webfonts/fa-regular-400.svg]
[agiletemplate.herokuapp.com/assets/img/animated-icons/home/home_200_transparent.gif]
[agiletemplate.herokuapp.com/assets/img/animated-icons/tags/tags_200_transparent.gif]
[pro.fontawesome.com/releases/v5.10.0/webfonts/fa-solid-900.svg]
[agiletemplate.herokuapp.com/assets/img/animated-icons/list/list_200_transparent.gif]
[agiletemplate.herokuapp.com/assets/img/animated-icons/gears/gears_200_transparent.gif]
[agiletemplate.herokuapp.com/assets/img/animated-icons/discount/discount_200_transparent.gif]
[agiletemplate.herokuapp.com/assets/img/animated-icons/business-network/business-network_200_transparent.gif]
[agiletemplate.herokuapp.com/assets/img/animated-icons/calculator/calculator_200_transparent.gif]
[agiletemplate.herokuapp.com/assets/img/animated-icons/combo-chart/combo-chart_200_transparent.gif]
[agiletemplate.herokuapp.com/assets/img/animated-icons/gear/gear_200_transparent.gif]
[image.flaticon.com/icons/svg/2922/2922830.svg]
[agiletemplate.herokuapp.com/dashboard.html]
[agiletemplate.herokuapp.com/assets/img/logo/Sultan-logo-auth.svg]
[agiletemplate.herokuapp.com/forget_password.html]
[agiletemplate.herokuapp.com/assets/line-awesome/fonts/la-brands-400.svg]
[agiletemplate.herokuapp.com/assets/line-awesome/fonts/la-regular-400.svg]
[agiletemplate.herokuapp.com/assets/line-awesome/fonts/la-solid-900.svg]
[agiletemplate.herokuapp.com/assets/flaticon2/font/Flaticon2.svg]
[pro.fontawesome.com/releases/v5.10.0/webfonts/fa-brands-400.svg]
[pro.fontawesome.com/releases/v5.10.0/webfonts/fa-duotone-900.svg]
[pro.fontawesome.com/releases/v5.10.0/webfonts/fa-light-300.svg]
[pro.fontawesome.com/releases/v5.10.0/webfonts/fa-regular-400.svg]
[pro.fontawesome.com/releases/v5.10.0/webfonts/fa-solid-900.svg]
[agiletemplate.herokuapp.com/assets/img/logo/System-logo.svg]
[agiletemplate.herokuapp.com/assets/img/animated-icons/upload-to-cloud/upload-to-cloud.gif]
[agiletemplate.herokuapp.com/assets/js/office/account/general.js]
[agiletemplate.herokuapp.com/account/general.html]
[agiletemplate.herokuapp.com/assets/img/animated-icons/settings/settings.svg]
[agiletemplate.herokuapp.com/assets/img/animated-icons/sign-out/sign-out.svg]
[agiletemplate.herokuapp.com/assets/img/animated-icons/home/home.svg]
[agiletemplate.herokuapp.com/assets/img/animated-icons/tags/tags.svg]
[agiletemplate.herokuapp.com/assets/img/animated-icons/upload-to-cloud/upload-to-cloud_200.gif]
[agiletemplate.herokuapp.com/assets/js/office/products.empty.js]
[agiletemplate.herokuapp.com/assets/js/office/carousel.animate.js]
[agiletemplate.herokuapp.com/assets/js/tags.js]
[agiletemplate.herokuapp.com/products/products.html]
[agiletemplate.herokuapp.com/products/categories.html]
[agiletemplate.herokuapp.com/assets/js/office/products.category.empty.js]
[agiletemplate.herokuapp.com/assets/js/office/products.modifier.empty.js]
[agiletemplate.herokuapp.com/products/modifiers.html]
[agiletemplate.herokuapp.com/assets/img/animated-icons/list/list.svg]
[agiletemplate.herokuapp.com/libs/bootstrap-datepicker/dist/js/bootstrap-datepicker.min.js]
[agiletemplate.herokuapp.com/libs/daterangepicker/daterangepicker.js]
[agiletemplate.herokuapp.com/assets/js/inventory.purchase.js]
[agiletemplate.herokuapp.com/inventory/purchase.html]
[agiletemplate.herokuapp.com/inventory/transfer.html]
[agiletemplate.herokuapp.com/inventory/stock.html]
[cdn.jsdelivr.net/momentjs/latest/moment.min.js]
[agiletemplate.herokuapp.com/inventory/counts.html]
[agiletemplate.herokuapp.com/inventory/history_all.html]
[agiletemplate.herokuapp.com/inventory/valuation_all.html]
[agiletemplate.herokuapp.com/inventory/planner_all.html]
[agiletemplate.herokuapp.com/productions/empty.html]
[agiletemplate.herokuapp.com/assets/img/animated-icons/gears/gears.svg]
[agiletemplate.herokuapp.com/assets/img/animated-icons/discount/discount.svg]
[agiletemplate.herokuapp.com/discount/code.html]
[agiletemplate.herokuapp.com/discount/automatic.html]
[agiletemplate.herokuapp.com/suppliers/empty.html]
[agiletemplate.herokuapp.com/assets/img/animated-icons/business-network/business-network.svg]
[agiletemplate.herokuapp.com/assets/js/office/suppliers.empty.js]
[agiletemplate.herokuapp.com/assets/js/office/customers.empty.js]
[agiletemplate.herokuapp.com/customers.html]
[agiletemplate.herokuapp.com/assets/js/office/employee.all.js]
[agiletemplate.herokuapp.com/employee/all.html]
[agiletemplate.herokuapp.com/assets/img/flaticons/fingerprint-modal-change.png]
[agiletemplate.herokuapp.com/assets/js/office/employee.role.js]
[agiletemplate.herokuapp.com/employee/role.html]
[agiletemplate.herokuapp.com/assets/js/office/employee.schedule.js]
[agiletemplate.herokuapp.com/employee/schedule.html]
[agiletemplate.herokuapp.com/assets/js/office/employee.payroll.js]
[agiletemplate.herokuapp.com/employee/payroll.html]
[agiletemplate.herokuapp.com/assets/img/animated-icons/calculator/calculator.svg]
[agiletemplate.herokuapp.com/bookeeping/sales.html]
[agiletemplate.herokuapp.com/bookeeping/expenses.html]
[agiletemplate.herokuapp.com/bookeeping/vat_all.html]
[agiletemplate.herokuapp.com/bookeeping/account_cash_lbp_empty.html]
[agiletemplate.herokuapp.com/assets/js/office/bookeeping.account.js]
[agiletemplate.herokuapp.com/report.html]
[agiletemplate.herokuapp.com/assets/img/animated-icons/combo-chart/combo-chart.svg]
[agiletemplate.herokuapp.com/assets/img/animated-icons/address/address_200_transparent.gif]
[agiletemplate.herokuapp.com/assets/img/animated-icons/money/money_200_transparent.gif]
[agiletemplate.herokuapp.com/assets/img/animated-icons/bell/bell_200_transparent.gif]
[agiletemplate.herokuapp.com/assets/img/animated-icons/coins/coins_200_transparent.gif]
[agiletemplate.herokuapp.com/assets/img/animated-icons/alarm-clock/alarm-clock_200_transparent.gif]
[agiletemplate.herokuapp.com/assets/img/animated-icons/hand-scissors/hand-scissors_200_transparent.gif]
[agiletemplate.herokuapp.com/assets/img/animated-icons/receipt/receipt_200_transparent.gif]
[agiletemplate.herokuapp.com/assets/img/animated-icons/prize/prize_200_transparent.gif]
[agiletemplate.herokuapp.com/assets/img/animated-icons/computer-display/computer-display_200_transparent.gif]
[agiletemplate.herokuapp.com/assets/img/animated-icons/poseditor/poseditor_200_transparent.gif]
[agiletemplate.herokuapp.com/assets/img/animated-icons/restore-window/restore-window_200_transparent.gif]
[agiletemplate.herokuapp.com/assets/js/office/settings/general.js]
[agiletemplate.herokuapp.com/assets/js/office/settings/custom.js]
[agiletemplate.herokuapp.com/settings/general.html]
[agiletemplate.herokuapp.com/assets/img/animated-icons/gear/gear.svg]
[image.flaticon.com/icons/svg/2922/2922830.svg]
[agiletemplate.herokuapp.com/dashboard/activity.html]
[agiletemplate.herokuapp.com/assets/js/office/account/security.js]
[agiletemplate.herokuapp.com/account/security.html]
[agiletemplate.herokuapp.com/assets/img/animated-icons/upload-to-cloud/upload-to-cloud.svg]
[agiletemplate.herokuapp.com/products/products_all.html]
[agiletemplate.herokuapp.com/assets/js/office/products.all.js]
[agiletemplate.herokuapp.com/assets/img/illustrations/Products-all-products.svg]
[agiletemplate.herokuapp.com/assets/js/office/products.new.js]
[agiletemplate.herokuapp.com/products/products_new.html]
[agiletemplate.herokuapp.com/assets/js/office/products.category.js]
[agiletemplate.herokuapp.com/products/categories_all.html]
[agiletemplate.herokuapp.com/assets/img/illustrations/Products-categories.svg]
[agiletemplate.herokuapp.com/assets/js/office/products.modifier.js]
[agiletemplate.herokuapp.com/products/modifiers_all.html]
[agiletemplate.herokuapp.com/assets/img/illustrations/Products-modifiers.svg]
[agiletemplate.herokuapp.com/assets/css/products.modifier.css]
[agiletemplate.herokuapp.com/assets/css/multi-select.css]
[agiletemplate.herokuapp.com/assets/img/illustrations/Inventory-purchase-orders.svg]
[agiletemplate.herokuapp.com/assets/js/office/inventory.purchase.js]
[agiletemplate.herokuapp.com/inventory/purchase_new.html]
[agiletemplate.herokuapp.com/libs/daterangepicker/daterangepicker.css]
[agiletemplate.herokuapp.com/assets/img/illustrations/Inventory-transfer-order.svg]
[agiletemplate.herokuapp.com/assets/img/map.jpg]
[agiletemplate.herokuapp.com/assets/js/office/inventory.transfer.new.js]
[agiletemplate.herokuapp.com/inventory/transfer_new.html]
[agiletemplate.herokuapp.com/inventory/transfer_all.html]
[agiletemplate.herokuapp.com/assets/img/illustrations/Inventory- stock-adjustment.svg]
[agiletemplate.herokuapp.com/assets/js/office/inventory.stock.new.js]
[agiletemplate.herokuapp.com/inventory/stock_new.html]
[agiletemplate.herokuapp.com/inventory/stock_all.html]
[agiletemplate.herokuapp.com/assets/img/illustrations/Inventory-inventory-counts.svg]
[agiletemplate.herokuapp.com/assets/js/office/inventory.count.new.js]
[agiletemplate.herokuapp.com/inventory/counts_new.html]
[agiletemplate.herokuapp.com/inventory/counts_all.html]
[agiletemplate.herokuapp.com/assets/js/office/products.edit.js]
[agiletemplate.herokuapp.com/products/products_edit.html]
[agiletemplate.herokuapp.com/assets/js/office/inventory.purchase.progress.js]
[agiletemplate.herokuapp.com/inventory/purchase_receive.html]
[agiletemplate.herokuapp.com/inventory/counts_edit.html]
[agiletemplate.herokuapp.com/assets/js/office/inventory.count.edit.js]
[agiletemplate.herokuapp.com/inventory/stock_detail_DL.html]
[agiletemplate.herokuapp.com/assets/js/office/production.all.js]
[agiletemplate.herokuapp.com/productions/all.html]
[agiletemplate.herokuapp.com/assets/img/illustrations/Productions.svg]
[agiletemplate.herokuapp.com/assets/js/office/production.new.js]
[agiletemplate.herokuapp.com/productions/new.html]
[agiletemplate.herokuapp.com/assets/img/illustrations/Bookkeeping-discounts-codes.svg]
[agiletemplate.herokuapp.com/assets/js/office/discount.code.new.js]
[agiletemplate.herokuapp.com/discount/code_new.html]
[agiletemplate.herokuapp.com/assets/img/illustrations/Bookkeeping-automatic-discounts.svg]
[agiletemplate.herokuapp.com/assets/js/office/discount.automatic.new.js]
[agiletemplate.herokuapp.com/discount/automatic_new.html]
[agiletemplate.herokuapp.com/discount/automatic_.html]
[agiletemplate.herokuapp.com/assets/img/payment.png]
[agiletemplate.herokuapp.com/assets/js/office/suppliers.js]
[agiletemplate.herokuapp.com/suppliers/all.html]
[agiletemplate.herokuapp.com/assets/img/illustrations/Suppliers.svg]
[agiletemplate.herokuapp.com/assets/js/office/suppliers.new.js]
[agiletemplate.herokuapp.com/suppliers/new.html]
[agiletemplate.herokuapp.com/assets/js/office/customers.js]
[agiletemplate.herokuapp.com/customers/all.html]
[agiletemplate.herokuapp.com/assets/img/illustrations/Customers.svg]
[agiletemplate.herokuapp.com/assets/js/office/customers.new.js]
[agiletemplate.herokuapp.com/customers/new.html]
[agiletemplate.herokuapp.com/assets/img/flaticons/fingerprint.svg]
[agiletemplate.herokuapp.com/assets/img/flaticons/fingerprint-modal-add.svg]
[agiletemplate.herokuapp.com/assets/img/flaticons/fingerprint-modal-change.svg]
[agiletemplate.herokuapp.com/assets/js/office/employee.payroll.new.js]
[agiletemplate.herokuapp.com/employee/payroll_new.html]
[agiletemplate.herokuapp.com/employee/payroll_details.html]
[agiletemplate.herokuapp.com/employee/payroll_profile.html]
[agiletemplate.herokuapp.com/assets/img/illustrations/Bookkeeping-sales.svg]
[agiletemplate.herokuapp.com/assets/js/office/bookeeping.sales.new.js]
[agiletemplate.herokuapp.com/bookeeping/sales_new.html]
[agiletemplate.herokuapp.com/assets/img/illustrations/Bookkeeping-expenses.svg]
[agiletemplate.herokuapp.com/assets/js/office/bookeeping.expense.bill.new.js]
[agiletemplate.herokuapp.com/bookeeping/expenses_bill_new.html]
[agiletemplate.herokuapp.com/assets/js/office/bookeeping.expense.expense.new.js]
[agiletemplate.herokuapp.com/bookeeping/expenses_expense_new.html]
[agiletemplate.herokuapp.com/assets/js/office/bookeeping.expense.payment.new.js]
[agiletemplate.herokuapp.com/bookeeping/expenses_payment_new.html]
[agiletemplate.herokuapp.com/assets/js/office/bookeeping.expense.credit.new.js]
[agiletemplate.herokuapp.com/bookeeping/expenses_credit_new.html]
[agiletemplate.herokuapp.com/bookeeping/vat.html]
[agiletemplate.herokuapp.com/assets/js/office/setting.tax.new.js]
[agiletemplate.herokuapp.com/settings/tax_new.html]
[agiletemplate.herokuapp.com/bookeeping/account_cash_usd_empty.html]
[agiletemplate.herokuapp.com/bookeeping/account_bank_lbp_empty.html]
[agiletemplate.herokuapp.com/bookeeping/account_bank_usd_empty.html]
[agiletemplate.herokuapp.com/assets/img/illustrations/Bookkeeping-Accounts.svg]
[agiletemplate.herokuapp.com/bookeeping/account_cash_lbp.html]
[agiletemplate.herokuapp.com/report/sales/time.html]
[agiletemplate.herokuapp.com/report/sales/product.html]
[agiletemplate.herokuapp.com/report/sales/supplier.html]
[agiletemplate.herokuapp.com/report/sales/discount.html]
[agiletemplate.herokuapp.com/report/sales/category.html]
[agiletemplate.herokuapp.com/report/sales/payment.html]
[agiletemplate.herokuapp.com/report/sales/modifier.html]
[agiletemplate.herokuapp.com/report/vat/detail.html]
[agiletemplate.herokuapp.com/report/vat/summary.html]
[agiletemplate.herokuapp.com/report/shift/cashier.html]
[agiletemplate.herokuapp.com/report/shift/end-cashier.html]
[agiletemplate.herokuapp.com/report/profit/product.html]
[agiletemplate.herokuapp.com/report/profit/supplier.html]
[agiletemplate.herokuapp.com/report/profit/modifier.html]
[agiletemplate.herokuapp.com/report/profit/category.html]
[agiletemplate.herokuapp.com/report/inventory/percent.html]
[agiletemplate.herokuapp.com/report/inventory/average.html]
[agiletemplate.herokuapp.com/report/inventory/sellers.html]
[agiletemplate.herokuapp.com/report/inventory/movers.html]
[agiletemplate.herokuapp.com/assets/js/office/setting.location.js]
[agiletemplate.herokuapp.com/settings/location.html]
[agiletemplate.herokuapp.com/assets/img/animated-icons/address/address.svg]
[agiletemplate.herokuapp.com/assets/js/office/setting.payment.js]
[agiletemplate.herokuapp.com/settings/payment.html]
[agiletemplate.herokuapp.com/assets/img/animated-icons/money/money.svg]
[agiletemplate.herokuapp.com/assets/js/office/setting.notification.js]
[agiletemplate.herokuapp.com/settings/notification.html]
[agiletemplate.herokuapp.com/assets/img/animated-icons/bell/bell.svg]
[agiletemplate.herokuapp.com/assets/js/office/setting.cash.js]
[agiletemplate.herokuapp.com/settings/cash.html]
[agiletemplate.herokuapp.com/assets/img/animated-icons/coins/coins.svg]
[agiletemplate.herokuapp.com/assets/js/office/setting.period.js]
[agiletemplate.herokuapp.com/settings/period.html]
[agiletemplate.herokuapp.com/assets/img/animated-icons/alarm-clock/alarm-clock.svg]
[agiletemplate.herokuapp.com/settings/tax.html]
[agiletemplate.herokuapp.com/assets/img/animated-icons/hand-scissors/hand-scissors.svg]
[agiletemplate.herokuapp.com/settings/receipt.html]
[agiletemplate.herokuapp.com/assets/img/animated-icons/receipt/receipt.svg]
[agiletemplate.herokuapp.com/assets/js/office/setting.receipt.js]
[agiletemplate.herokuapp.com/assets/js/office/setting.loyalty.new.js]
[agiletemplate.herokuapp.com/settings/loyalty.html]
[agiletemplate.herokuapp.com/assets/img/animated-icons/prize/prize.svg]
[agiletemplate.herokuapp.com/assets/js/office/setting.pos.js]
[agiletemplate.herokuapp.com/settings/posDevices.html]
[agiletemplate.herokuapp.com/assets/img/animated-icons/computer-display/computer-display.svg]
[agiletemplate.herokuapp.com/settings/posEditor.html]
[agiletemplate.herokuapp.com/assets/img/animated-icons/poseditor/poseditor.svg]
[agiletemplate.herokuapp.com/assets/js/office/setting.posEditor.js]
[agiletemplate.herokuapp.com/assets/js/office/setting.backup.js]
[agiletemplate.herokuapp.com/settings/backup.html]
[agiletemplate.herokuapp.com/assets/img/animated-icons/restore-window/restore-window.svg]
[agiletemplate.herokuapp.com/products/products_print.html]
[agiletemplate.herokuapp.com/assets/js/office/product.print.label.js]
[agiletemplate.herokuapp.com/assets/js/office/products.bulker.js]
[agiletemplate.herokuapp.com/products/products_bulk.html]
[agiletemplate.herokuapp.com/assets/img/animated-icons/create-order/create-order.svg]
[agiletemplate.herokuapp.com/assets/img/animated-icons/adjust/adjust.svg]
[agiletemplate.herokuapp.com/assets/img/flaticons/copy.svg]
[agiletemplate.herokuapp.com/assets/css/office/products.all.css]
[agiletemplate.herokuapp.com/assets/css/office/products.new.css]
[agiletemplate.herokuapp.com/assets/css/products.category.css]
[agiletemplate.herokuapp.com/inventory/purchase_all.html]
[agiletemplate.herokuapp.com/inventory/purchase_draft.html]
[agiletemplate.herokuapp.com/inventory/purchase_pending.html]
[agiletemplate.herokuapp.com/inventory/purchase_complete.html]
[agiletemplate.herokuapp.com/assets/img/player.jpg]
[agiletemplate.herokuapp.com/assets/js/office/inventory.transfer.progress.js]
[agiletemplate.herokuapp.com/inventory/transfer_intransit_nbillable.html]
[agiletemplate.herokuapp.com/inventory/transfer_intransit_billable.html]
[agiletemplate.herokuapp.com/inventory/stock_detail_IC.html]
[agiletemplate.herokuapp.com/assets/js/office/inventory.count.progress.js]
[agiletemplate.herokuapp.com/inventory/counts_pending.html]
[agiletemplate.herokuapp.com/assets/js/office/inventory.count.js]
[agiletemplate.herokuapp.com/inventory/counts_count.html]
[agiletemplate.herokuapp.com/inventory_history.html]
[agiletemplate.herokuapp.com/assets/css/office/products.edit.css]
[agiletemplate.herokuapp.com/inventory/purchase_partial.html]
[agiletemplate.herokuapp.com/inventory/counts_progress.html]
[agiletemplate.herokuapp.com/assets/js/office/production.details.js]
[agiletemplate.herokuapp.com/productions/details.html]
[agiletemplate.herokuapp.com/discount/code_all.html]
[agiletemplate.herokuapp.com/discount/automatic_all.html]
[agiletemplate.herokuapp.com/assets/js/office/supplier.edit.js]
[agiletemplate.herokuapp.com/suppliers/edit.html]
[agiletemplate.herokuapp.com/assets/js/office/supplier.profile.js]
[agiletemplate.herokuapp.com/suppliers/profile.html]
[agiletemplate.herokuapp.com/bookeeping/expense_payment.html]
[agiletemplate.herokuapp.com/assets/css/office/suppliers.new.css]
[agiletemplate.herokuapp.com/customers/profile/regular.html]
[agiletemplate.herokuapp.com/assets/img/products/sandwich.jpg]
[agiletemplate.herokuapp.com/customers/profile/business.html]
[agiletemplate.herokuapp.com/assets/js/office/employee.payroll.edit.js]
[agiletemplate.herokuapp.com/employee/payroll_edit.html]
[agiletemplate.herokuapp.com/employee/payroll_all.html]
[agiletemplate.herokuapp.com/assets/js/office/bookeeping.sales.js]
[agiletemplate.herokuapp.com/bookeeping/sales_all.html]
[agiletemplate.herokuapp.com/assets/js/office/bookeeping.sales.progress.js]
[agiletemplate.herokuapp.com/bookeeping/sales_pending.html]
[agiletemplate.herokuapp.com/bookeeping/sales_paid.html]
[agiletemplate.herokuapp.com/assets/js/office/bookeeping.expenses.progress.js]
[agiletemplate.herokuapp.com/bookeeping/expenses_bill_details_pending.html]
[agiletemplate.herokuapp.com/bookeeping/expenses_bill_details_paid.html]
[agiletemplate.herokuapp.com/assets/js/office/bookeeping.expenses.js]
[agiletemplate.herokuapp.com/bookeeping/expenses_all.html]
[agiletemplate.herokuapp.com/bookeeping/expenses_expense_details.html]
[agiletemplate.herokuapp.com/bookeeping/expenses_payment_details.html]
[agiletemplate.herokuapp.com/bookeeping/expenses_credit_details.html]
[agiletemplate.herokuapp.com/assets/img/illustrations/Bookkeeping-VAT-overview.svg]
[agiletemplate.herokuapp.com/assets/js/office/setting.tax.js]
[agiletemplate.herokuapp.com/settings/tax_all.html]
[agiletemplate.herokuapp.com/bookeeping/account_cash_usd.html]
[agiletemplate.herokuapp.com/bookeeping/account_bank_lbp.html]
[agiletemplate.herokuapp.com/bookeeping/account_bank_usd.html]
[agiletemplate.herokuapp.com/assets/js/office/setting.location.edit.js]
[agiletemplate.herokuapp.com/settings/location_edit.html]
[agiletemplate.herokuapp.com/assets/js/office/setting.location.new.js]
[agiletemplate.herokuapp.com/settings/location_new.html]
[agiletemplate.herokuapp.com/assets/js/office/setting.payment.edit.js]
[agiletemplate.herokuapp.com/settings/payment/edit.html]
[agiletemplate.herokuapp.com/assets/js/office/setting.payment.new.js]
[agiletemplate.herokuapp.com/settings/payment/new.html]
[agiletemplate.herokuapp.com/assets/js/office/setting.notification.edit.js]
[agiletemplate.herokuapp.com/settings/notification/edit.html]
[agiletemplate.herokuapp.com/assets/css/office/settings.period.css]
[agiletemplate.herokuapp.com/assets/js/office/setting.custom.html]
[agiletemplate.herokuapp.com/assets/img/illustrations/Settings-taxes.svg]
[agiletemplate.herokuapp.com/assets/img/barcode.svg]
[agiletemplate.herokuapp.com/settings/loyalty_new.html]
[agiletemplate.herokuapp.com/assets/img/illustrations/Settings-loyalty.svg]
[agiletemplate.herokuapp.com/assets/js/office/setting.pos.edit.js]
[agiletemplate.herokuapp.com/settings/posDevices_edit.html]
[s3-us-west-2.amazonaws.com/s.cdpn.io/3/fitty.min.js]
[agiletemplate.herokuapp.com/assets/js/office/setting.pos.new.js]
[agiletemplate.herokuapp.com/settings/posDevices_new.html]
[agiletemplate.herokuapp.com/assets/js/office/setting.posEditor.new.js]
[agiletemplate.herokuapp.com/assets/js/jquery.dad.min.js]
[agiletemplate.herokuapp.com/settings/posEditor_new.html]
[agiletemplate.herokuapp.com/assets/img/illustrations/pos-editor.svg]
[agiletemplate.herokuapp.com/assets/js/office/setting.backup.reset.js]
[agiletemplate.herokuapp.com/settings/backup_reset.html]
[agiletemplate.herokuapp.com/assets/js/office/setting.backup.restore.js]
[agiletemplate.herokuapp.com/settings/backup_restore.html]
[agiletemplate.herokuapp.com/assets/img/illustrations/setting-BackupAndRestore-button.svg]
[agiletemplate.herokuapp.com/assets/css/office/products.print.css]
[agiletemplate.herokuapp.com/assets/css/office/products.bulk.css]
[agiletemplate.herokuapp.com/assets/js/office/inventory.purchase.edit.js]
[agiletemplate.herokuapp.com/inventory/purchase_edit.html]
[agiletemplate.herokuapp.com/inventory/transfer_intransit.html]
[agiletemplate.herokuapp.com/inventory/transfer_receive_intransit_nbillable.html]
[agiletemplate.herokuapp.com/inventory/transfer_receive_intransit_billable.html]
[agiletemplate.herokuapp.com/inventory/transfer_receive_partial_nbillable.html]
[agiletemplate.herokuapp.com/inventory/transfer_receive_partial_billable.html]
[agiletemplate.herokuapp.com/inventory/transfer_partial_nbillable.html]
[agiletemplate.herokuapp.com/inventory/transfer_partial_billable.html]
[agiletemplate.herokuapp.com/inventory/transfer_transferred_nbillable.html]
[agiletemplate.herokuapp.com/inventory/transfer_transferred_billable.html]
[agiletemplate.herokuapp.com/inventory/counts_complete.html]
[localhost_8000/assets/img/animated-icons/business-network/business-network.svg]
[agiletemplate.herokuapp.com/assets/js/office/discount.code.edit.js]
[agiletemplate.herokuapp.com/discount/code_edit.html]
[agiletemplate.herokuapp.com/assets/js/office/discount.automatic.edit.js]
[agiletemplate.herokuapp.com/discount/automatic_edit.html]
[agiletemplate.herokuapp.com/bookeeping/expense/bill.html]
[agiletemplate.herokuapp.com/assets/img/copy-address.svg]
[agiletemplate.herokuapp.com/bookeeping/expenses/payment.html]
[agiletemplate.herokuapp.com/customers/edit/regular.html]
[agiletemplate.herokuapp.com/customers/edit/business.html]
[agiletemplate.herokuapp.com/assets/js/office/bookeeping.sales.refund.sale.js]
[agiletemplate.herokuapp.com/bookeeping/sales_refund_sale.html]
[agiletemplate.herokuapp.com/bookeeping/sales_refund_partial.html]
[agiletemplate.herokuapp.com/bookeeping/sales_refunded.html]
[agiletemplate.herokuapp.com/bookeeping/expenses_payment_details_pending.html]
[agiletemplate.herokuapp.com/bookeeping/expenses_payment_details_paid.html]
[agiletemplate.herokuapp.com/bookeeping/expenses_credit_details_pending.html]
[agiletemplate.herokuapp.com/bookeeping/expenses_credit_details_paid.html]
[agiletemplate.herokuapp.com/assets/js/office/bookeeping.expense.expense.edit.js]
[agiletemplate.herokuapp.com/bookeeping/expenses_expense_edit.html]
[agiletemplate.herokuapp.com/bookeeping/expenses_payment_edit.html]
[agiletemplate.herokuapp.com/bookeeping/expenses_credit_edit.html]
[agiletemplate.herokuapp.com/assets/js/office/setting.tax.edit.js]
[agiletemplate.herokuapp.com/settings/tax_edit.html]
[agiletemplate.herokuapp.com/assets/js/office/setting.location.edit_sub.js]
[agiletemplate.herokuapp.com/settings/location_edit_sub.html]
[agiletemplate.herokuapp.com/assets/js/office/setting.loyalty.js]
[agiletemplate.herokuapp.com/settings/loyalty_all.html]
[agiletemplate.herokuapp.com/settings/posEditor_all.html]
[agiletemplate.herokuapp.com/reports/sale_payment.html]
[agiletemplate.herokuapp.com/customers/profile.html]
[agiletemplate.herokuapp.com/assets/js/office/setting.loyalty.edit.js]
[agiletemplate.herokuapp.com/settings/loyalty_edit.html]
[agiletemplate.herokuapp.com/assets/js/office/setting.posEditor.edit.js]
[agiletemplate.herokuapp.com/settings/posEditor_edit.html]
[agiletemplate.herokuapp.com/settings/reports.sale.payment.html]
